// Jest Snapshot v1, https://goo.gl/fbAQLP

exports[`Avatar displays two letters (FB) 1`] = `
<span
  className="avatar"
>
  <div
    className="Initials"
  >
    FB
  </div>
</span>
`;
